
Note: No compatibility mode selected!


Circuit: edu_inv teaching characterization

Doing analysis at TEMP = 27.000000 and TNOM = 27.000000

Using SPARSE 1.3 as Direct Linear Solver

Initial Transient Solution
--------------------------

Node                                   Voltage
----                                   -------
vdd                                        1.8
a                                            0
y                                          1.8
va#branch                                    0
vdd#branch                           -1.81e-12


No. of Data Rows : 9021

  Measurements for Transient Analysis

cell_fall           =  2.560805e-11 targ=  2.042275e-09 trig=  2.016667e-09
cell_rise           =  2.560823e-11 targ=  1.007561e-08 trig=  1.005000e-08
rise_transition     =  2.605536e-11 targ=  1.009098e-08 trig=  1.006492e-08
fall_transition     =  2.605538e-11 targ=  2.057645e-09 trig=  2.031590e-09
input_slew          =  2.000000e-11 targ=  2.026667e-09 trig=  2.006667e-09

ngspice-42 done
