
Note: No compatibility mode selected!


Circuit: edu_inv teaching characterization

Doing analysis at TEMP = 27.000000 and TNOM = 27.000000

Using SPARSE 1.3 as Direct Linear Solver

Initial Transient Solution
--------------------------

Node                                   Voltage
----                                   -------
vdd                                        1.8
a                                            0
y                                          1.8
va#branch                                    0
vdd#branch                           -1.81e-12


No. of Data Rows : 9021

  Measurements for Transient Analysis

cell_fall           =  5.137136e-11 targ=  2.068038e-09 trig=  2.016667e-09
cell_rise           =  5.137137e-11 targ=  1.010137e-08 trig=  1.005000e-08
rise_transition     =  6.469536e-11 targ=  1.013974e-08 trig=  1.007504e-08
fall_transition     =  6.469536e-11 targ=  2.106404e-09 trig=  2.041709e-09
input_slew          =  2.000000e-11 targ=  2.026667e-09 trig=  2.006667e-09

ngspice-42 done
