
Note: No compatibility mode selected!


Circuit: * edu_latch: transparent high, static feedback hold low

Doing analysis at TEMP = 25.000000 and TNOM = 27.000000

Using SPARSE 1.3 as Direct Linear Solver

Initial Transient Solution
--------------------------

Node                                   Voltage
----                                   -------
vdd                                        1.8
d                                            0
g                                          1.8
xu.gb                              1.19461e-09
xu.n                               2.38923e-09
xu.qn                                      1.8
q                                  2.38923e-09
vg#branch                                    0
vd#branch                            5.422e-12
vdd#branch                        -1.26513e-11


No. of Data Rows : 2832

  Measurements for Transient Analysis

q_initial           =  2.389227e-09
q_follow            =  1.800000e+00
q_hold_before       =  1.800000e+00
q_hold_after        =  1.800000e+00
q_reopen            =  2.389227e-09

ngspice-42 done
