
Note: No compatibility mode selected!


Circuit: edu_inv teaching characterization

Doing analysis at TEMP = 27.000000 and TNOM = 27.000000

Using SPARSE 1.3 as Direct Linear Solver

Initial Transient Solution
--------------------------

Node                                   Voltage
----                                   -------
vdd                                        1.8
a                                            0
y                                          1.8
va#branch                                    0
vdd#branch                           -1.81e-12


No. of Data Rows : 9021

  Measurements for Transient Analysis

cell_fall           =  1.193726e-10 targ=  2.286039e-09 trig=  2.166667e-09
cell_rise           =  1.193726e-10 targ=  1.061937e-08 trig=  1.050000e-08
rise_transition     =  9.477328e-11 targ=  1.066378e-08 trig=  1.056901e-08
fall_transition     =  9.477328e-11 targ=  2.330450e-09 trig=  2.235676e-09
input_slew          =  2.000000e-10 targ=  2.266667e-09 trig=  2.066667e-09

ngspice-42 done
