
Note: No compatibility mode selected!


Circuit: * off-state isolation: idealized storage versus explicit leakage

Doing analysis at TEMP = 25.000000 and TNOM = 27.000000

Using SPARSE 1.3 as Direct Linear Solver

Initial Transient Solution
--------------------------

Node                                   Voltage
----                                   -------
vdd                                        1.8
din                                          0
en                                         1.8
enb                                1.19461e-09
yfloat                             1.19461e-09
yleak                              1.19382e-09
ven#branch                                   0
vin#branch                         7.22815e-12
vdd#branch                        -9.03667e-12


No. of Data Rows : 2832

  Measurements for Transient Analysis

float_hold          =  1.800000e+00
leaky_hold          =  1.474545e+00
float_reopen        =  1.194614e-09
leaky_reopen        =  1.193825e-09

ngspice-42 done
