
Note: No compatibility mode selected!


Circuit: edu_inv teaching characterization

Doing analysis at TEMP = 27.000000 and TNOM = 27.000000

Using SPARSE 1.3 as Direct Linear Solver

Initial Transient Solution
--------------------------

Node                                   Voltage
----                                   -------
vdd                                        1.8
a                                            0
y                                          1.8
va#branch                                    0
vdd#branch                           -1.81e-12


No. of Data Rows : 9021

  Measurements for Transient Analysis

cell_fall           =  7.677878e-11 targ=  2.143445e-09 trig=  2.066667e-09
cell_rise           =  7.677878e-11 targ=  1.027678e-08 trig=  1.020000e-08
rise_transition     =  6.833558e-11 targ=  1.031515e-08 trig=  1.024681e-08
fall_transition     =  6.833558e-11 targ=  2.181816e-09 trig=  2.113480e-09
input_slew          =  8.000000e-11 targ=  2.106667e-09 trig=  2.026667e-09

ngspice-42 done
