
Note: No compatibility mode selected!


Circuit: edu_inv teaching characterization

Doing analysis at TEMP = 27.000000 and TNOM = 27.000000

Using SPARSE 1.3 as Direct Linear Solver

Initial Transient Solution
--------------------------

Node                                   Voltage
----                                   -------
vdd                                        1.8
a                                            0
y                                          1.8
va#branch                                    0
vdd#branch                           -1.81e-12


No. of Data Rows : 9021

  Measurements for Transient Analysis

cell_fall           =  7.269861e-11 targ=  2.239365e-09 trig=  2.166667e-09
cell_rise           =  7.269861e-11 targ=  1.057270e-08 trig=  1.050000e-08
rise_transition     =  6.105992e-11 targ=  1.059940e-08 trig=  1.053834e-08
fall_transition     =  6.105992e-11 targ=  2.266063e-09 trig=  2.205003e-09
input_slew          =  2.000000e-10 targ=  2.266667e-09 trig=  2.066667e-09

ngspice-42 done
